// Jest Snapshot v1, https://goo.gl/fbAQLP

exports[`should match snapshot 1`] = `"<div class="container"><div class="contentWrapper">Content</div></div>"`;
